3.14
0.5
42.0
4.0
6.3
10.0
3.333333333333333
3.5
4.5