array: [1 2 3 4 5]
arr[0] = 1
arr[2] = 3
arr[4] = 5
length: 5
after push: [10 20 30]
pop: 30
after pop: [10 20]
concat: [1 2 3 4 5 6]
slice(1, 3): [20 30]
slice(2): [30 40 50]