2 + 3 =  5
10 + -5 =  5
7 - 4 =  3
3 - 8 =  -5
6 * 7 =  42
3 * -4 =  -12
15 / 3 =  5.0
7 / 2 =  3.5