Comparison operators test skipped - causes segfault