match 0: zero
match 1: one
match 5: other
sum [3 4]: 7
sum [5]: 5
sum []: 0
name from map: Alice
name missing: Anonymous
classify 5: positive integer
classify -3: negative integer
classify 'hello': string