Map test simplified - parser issues with map syntax